Microchip MPLAB XC8 Compiler V1.33 ()

Linker command line:

--edf=C:\Program Files (x86)\Microchip\xc8\v1.33\dat\en_msgs.txt -cs \
  -h+PICAlarmClock.sym --cmf=PICAlarmClock.cmf -z -Q16F877A \
  -oC:\Users\Andre\AppData\Local\Temp\s7e0.6 -MPICAlarmClock.map -E1 \
  -ver=XC8 -ASTACK=0110h-016fh -pstack=STACK -ACONST=00h-0FFhx32 \
  -ACODE=00h-07FFhx4 -ASTRCODE=00h-01FFFh -AENTRY=00h-0FFhx32 \
  -ASTRING=00h-0FFhx32 -ACOMMON=070h-07Fh -ABANK0=020h-06Fh \
  -ABANK1=0A0h-0EFh -ABANK2=0110h-016Fh -ABANK3=0190h-01EFh \
  -ARAM=020h-06Fh,0A0h-0EFh,0110h-016Fh,0190h-01EFh \
  -AABS1=020h-07Fh,0A0h-0EFh,0110h-016Fh,0190h-01EFh -ASFR0=00h-01Fh \
  -ASFR1=080h-09Fh -ASFR2=0100h-010Fh -ASFR3=0180h-018Fh \
  -preset_vec=00h,intentry=04h,init,end_init -ppowerup=CODE -pcinit=CODE \
  -pfunctab=CODE -ACONFIG=02007h-02007h -pconfig=CONFIG -DCONFIG=2 \
  -AIDLOC=02000h-02003h -pidloc=IDLOC -DIDLOC=2 -AEEDATA=00h-0FFh/02100h \
  -peeprom_data=EEDATA -DEEDATA=2 -DCODE=2 -DSTRCODE=2 -DSTRING=2 -DCONST=2 \
  -DENTRY=2 -k startup.obj PICAlarmClock.obj 

Object code version is 3.11

Machine type is 16F877A



                Name                               Link     Load   Length Selector   Space Scale
startup.obj     end_init                             12       12        3        8       0
                reset_vec                             0        0        3        0       0
                config                             2007     2007        1     400E       0
PICAlarmClock.obj
                cinit                                15       15       13        8       0
                intentry                              4        4        E        8       0
                text25                              3E6      3E6       27        8       0
                text24                              330      330       33        8       0
                text23                              46F      46F       18        8       0
                text22                              487      487       15        8       0
                text21                              4D1      4D1        F        8       0
                text20                              193      193       5D        8       0
                text19                              1F0      1F0       4F        8       0
                text18                              27F      27F       3F        8       0
                text17                              49C      49C       13        8       0
                text16                              512      512        8        8       0
                text15                              4C0      4C0       11        8       0
                text14                              40D      40D       25        8       0
                text13                              2BE      2BE       3C        8       0
                text12                              455      455       1A        8       0
                text11                              508      508        A        8       0
                text10                              392      392       2B        8       0
                text9                               4FE      4FE        A        8       0
                text8                               4F4      4F4        A        8       0
                text7                               4EA      4EA        A        8       0
                text6                               363      363       2F        8       0
                text5                               23F      23F       40        8       0
                text4                               2FA      2FA       36        8       0
                text3                                28       28       DC        8       0
                text2                               3BD      3BD       29        8       0
                text1                               104      104       8F        8       0
                maintext                            432      432       23        8       0
                cstackBANK0                          20       20       20       20       1
                cstackCOMMON                         70       70        9       70       1
                inittext                            4AF      4AF       11        8       0
                dataBANK0                            40       40        A       20       1
                bssBANK0                             4A       4A        2       20       1
                bssCOMMON                            79       79        1       70       1
                idataBANK0                          4E0      4E0        A        8       0

TOTAL           Name                               Link     Load   Length     Space
        CLASS   STACK          

        CLASS   CONST          

        CLASS   CODE           
                end_init                             12       12        3         0
                cinit                                15       15       13         0
                intentry                              4        4        E         0
                reset_vec                             0        0        3         0
                text25                              3E6      3E6       27         0
                text24                              330      330       33         0
                text23                              46F      46F       18         0
                text22                              487      487       15         0
                text21                              4D1      4D1        F         0
                text20                              193      193       5D         0
                text19                              1F0      1F0       4F         0
                text18                              27F      27F       3F         0
                text17                              49C      49C       13         0
                text16                              512      512        8         0
                text15                              4C0      4C0       11         0
                text14                              40D      40D       25         0
                text13                              2BE      2BE       3C         0
                text12                              455      455       1A         0
                text11                              508      508        A         0
                text10                              392      392       2B         0
                text9                               4FE      4FE        A         0
                text8                               4F4      4F4        A         0
                text7                               4EA      4EA        A         0
                text6                               363      363       2F         0
                text5                               23F      23F       40         0
                text4                               2FA      2FA       36         0
                text3                                28       28       DC         0
                text2                               3BD      3BD       29         0
                text1                               104      104       8F         0
                maintext                            432      432       23         0
                inittext                            4AF      4AF       11         0
                idataBANK0                          4E0      4E0        A         0

        CLASS   STRCODE        

        CLASS   ENTRY          

        CLASS   STRING         

        CLASS   COMMON         
                cstackCOMMON                         70       70        9         1
                bssCOMMON                            79       79        1         1

        CLASS   BANK0          
                cstackBANK0                          20       20       20         1
                dataBANK0                            40       40        A         1
                bssBANK0                             4A       4A        2         1

        CLASS   BANK1          

        CLASS   BANK2          

        CLASS   BANK3          

        CLASS   RAM            

        CLASS   ABS1           
                abs_s1                               7E       7E        2         1

        CLASS   SFR0           

        CLASS   SFR1           

        CLASS   SFR2           

        CLASS   SFR3           

        CLASS   CONFIG         
                config                             2007     2007        1         0

        CLASS   IDLOC          

        CLASS   EEDATA         



SEGMENTS        Name                           Load    Length   Top    Selector   Space  Class     Delta

                reset_vec                      000000  000003  000003         0       0  CODE        2
                intentry                       000004  000516  00051A         8       0  CODE        2
                cstackBANK0                    000020  00002C  00004C        20       1  BANK0       1
                cstackCOMMON                   000070  00000A  00007A        70       1  COMMON      1
                config                         002007  000001  002008      400E       0  CONFIG      2


UNUSED ADDRESS RANGES

        Name                Unused          Largest block    Delta
        BANK0            004C-006F             24           1
        BANK1            00A0-00EF             50           1
        BANK2            0110-016F             60           1
        BANK3            0190-01EF             60           1
        CODE             0003-0003              1           2
                         051A-1FFF            800
        COMMON           007A-007D              4           1
        CONST            0003-0003              1           2
                         051A-1FFF            100
        EEDATA           2100-21FF            100           2
        ENTRY            0003-0003              1           2
                         051A-1FFF            100
        IDLOC            2000-2003              4           2
        RAM              004C-006F             24           1
                         00A0-00EF             50
                         0110-016F             60
                         0190-01EF             60
        SFR0             0000-001F             20           1
        SFR1             0080-009F             20           1
        SFR2             0100-010F             10           1
        SFR3             0180-018F             10           1
        STACK            0110-016F             60           1
        STRCODE          0003-0003              1           2
                         051A-1FFF           1AE6
        STRING           0003-0003              1           2
                         051A-1FFF            100

                                  Symbol Table

?___awdiv                      cstackCOMMON 0074
?___awmod                      cstackCOMMON 0074
?___lwdiv                      cstackBANK0  0021
?___lwmod                      cstackCOMMON 0074
?___wmul                       cstackCOMMON 0074
BCD_to_decimal@bcd             cstackBANK0  0025
BCD_to_decimal@decimal         cstackBANK0  0024
BCD_to_decimal@ones            cstackBANK0  0023
BCD_to_decimal@tens            cstackBANK0  0022
RTC_get_hours@hours            cstackBANK0  0028
RTC_get_hours@tmp              cstackBANK0  0027
RTC_read@data                  cstackCOMMON 0078
RTC_read@i                     cstackCOMMON 0076
RTC_read_register@address      cstackBANK0  0021
RTC_read_register@data         cstackBANK0  0022
RTC_set_year@year              cstackBANK0  002E
RTC_write@data                 cstackCOMMON 0075
RTC_write@i                    cstackCOMMON 0076
RTC_write_protect@state        cstackBANK0  002F
RTC_write_register@address     cstackBANK0  002C
RTC_write_register@data        cstackBANK0  002B
SEG7_write_all@decimal_point   cstackBANK0  002B
SEG7_write_all@digit1          cstackBANK0  002E
SEG7_write_all@digit2          cstackBANK0  002F
SEG7_write_all@digit3          cstackBANK0  0030
SEG7_write_all@digit4          cstackBANK0  0031
SEG7_write_all@dp1             cstackBANK0  0032
SEG7_write_all@dp2             cstackBANK0  0033
SEG7_write_all@dp3             cstackBANK0  0034
SEG7_write_all@dp4             cstackBANK0  0035
SEG7_write_all@value           cstackBANK0  0029
SEG7_write_digit@decimal_point cstackCOMMON 0075
SEG7_write_digit@digit         cstackCOMMON 0077
SEG7_write_digit@value         cstackCOMMON 0074
_BCD_to_decimal                text14       040D
_BRGH                          (abs)        04C2
_CREN                          (abs)        00C4
_GIE                           (abs)        005F
_INTE                          (abs)        005C
_INTF                          (abs)        0059
_ISR                           text25       03E6
_PORTD                         (abs)        0008
_RB4                           (abs)        0034
_RB5                           (abs)        0035
_RB6                           (abs)        0036
_RB7                           (abs)        0037
_RC0                           (abs)        0038
_RC1                           (abs)        0039
_RC2                           (abs)        003A
_RCIF                          (abs)        0065
_RCREG                         (abs)        001A
_RTC_WRITE_PROTECT             bssCOMMON    0079
_RTC_get_date                  text11       0508
_RTC_get_hours                 text10       0392
_RTC_get_minutes               text9        04FE
_RTC_get_month                 text8        04F4
_RTC_get_year                  text7        04EA
_RTC_init                      text21       04D1
_RTC_read                      text13       02BE
_RTC_read_register             text12       0455
_RTC_set_year                  text17       049C
_RTC_write                     text24       0330
_RTC_write_protect             text22       0487
_RTC_write_register            text23       046F
_RX9                           (abs)        00C6
_SEG7_init                     text16       0512
_SEG7_write_all                text3        0028
_SEG7_write_digit              text6        0363
_SPBRG                         (abs)        0099
_SPEN                          (abs)        00C7
_SYNC                          (abs)        04C4
_TRISB0                        (abs)        0430
_TRISB4                        (abs)        0434
_TRISB5                        (abs)        0435
_TRISB6                        (abs)        0436
_TRISB7                        (abs)        0437
_TRISC0                        (abs)        0438
_TRISC1                        (abs)        0439
_TRISC2                        (abs)        043A
_TRISD                         (abs)        0088
_TRMT                          (abs)        04C1
_TX9                           (abs)        04C6
_TXEN                          (abs)        04C5
_TXREG                         (abs)        0019
__CFG_BOREN$ON                 (abs)        0000
__CFG_CP$OFF                   (abs)        0000
__CFG_CPD$OFF                  (abs)        0000
__CFG_FOSC$XT                  (abs)        0000
__CFG_LVP$OFF                  (abs)        0000
__CFG_PWRTE$ON                 (abs)        0000
__CFG_WDTE$OFF                 (abs)        0000
__CFG_WRT$OFF                  (abs)        0000
__Habs1                        abs1         0000
__Hbank0                       bank0        0000
__Hbank1                       bank1        0000
__Hbank2                       bank2        0000
__Hbank3                       bank3        0000
__HbssBANK0                    bssBANK0     0000
__HbssCOMMON                   bssCOMMON    0000
__Hcinit                       cinit        0028
__Hclrtext                     clrtext      0000
__Hcode                        code         0000
__Hcommon                      common       0000
__Hconfig                      config       2008
__HcstackBANK0                 cstackBANK0  0000
__HcstackCOMMON                cstackCOMMON 0000
__HdataBANK0                   dataBANK0    0000
__Heeprom_data                 eeprom_data  0000
__Hend_init                    end_init     0015
__Hfunctab                     functab      0000
__HidataBANK0                  idataBANK0   0000
__Hidloc                       idloc        0000
__Hinit                        init         0012
__Hinittext                    inittext     0000
__Hintentry                    intentry     0012
__Hmaintext                    maintext     0000
__Hpowerup                     powerup      0000
__Hram                         ram          0000
__Hreset_vec                   reset_vec    0003
__Hsfr0                        sfr0         0000
__Hsfr1                        sfr1         0000
__Hsfr2                        sfr2         0000
__Hsfr3                        sfr3         0000
__Hspace_0                     (abs)        2008
__Hspace_1                     (abs)        007A
__Hspace_2                     (abs)        0000
__Hspace_3                     (abs)        0000
__Hstack                       stack        0000
__Hstrings                     strings      0000
__Htext                        text         0000
__Labs1                        abs1         0000
__Lbank0                       bank0        0000
__Lbank1                       bank1        0000
__Lbank2                       bank2        0000
__Lbank3                       bank3        0000
__LbssBANK0                    bssBANK0     0000
__LbssCOMMON                   bssCOMMON    0000
__Lcinit                       cinit        0015
__Lclrtext                     clrtext      0000
__Lcode                        code         0000
__Lcommon                      common       0000
__Lconfig                      config       2007
__LcstackBANK0                 cstackBANK0  0000
__LcstackCOMMON                cstackCOMMON 0000
__LdataBANK0                   dataBANK0    0000
__Leeprom_data                 eeprom_data  0000
__Lend_init                    end_init     0012
__Lfunctab                     functab      0000
__LidataBANK0                  idataBANK0   0000
__Lidloc                       idloc        0000
__Linit                        init         0012
__Linittext                    inittext     0000
__Lintentry                    intentry     0004
__Lmaintext                    maintext     0000
__Lpowerup                     powerup      0000
__Lram                         ram          0000
__Lreset_vec                   reset_vec    0000
__Lsfr0                        sfr0         0000
__Lsfr1                        sfr1         0000
__Lsfr2                        sfr2         0000
__Lsfr3                        sfr3         0000
__Lspace_0                     (abs)        0000
__Lspace_1                     (abs)        0000
__Lspace_2                     (abs)        0000
__Lspace_3                     (abs)        0000
__Lstack                       stack        0000
__Lstrings                     strings      0000
__Ltext                        text         0000
__S0                           (abs)        2008
__S1                           (abs)        007A
__S2                           (abs)        0000
__S3                           (abs)        0000
___awdiv                       text20       0193
___awdiv@counter               cstackBANK0  0020
___awdiv@dividend              cstackCOMMON 0076
___awdiv@divisor               cstackCOMMON 0074
___awdiv@quotient              cstackBANK0  0022
___awdiv@sign                  cstackBANK0  0021
___awmod                       text19       01F0
___awmod@counter               cstackBANK0  0020
___awmod@dividend              cstackCOMMON 0076
___awmod@divisor               cstackCOMMON 0074
___awmod@sign                  cstackBANK0  0021
___bmul                        text15       04C0
___bmul@multiplicand           cstackCOMMON 0074
___bmul@multiplier             cstackCOMMON 0077
___bmul@product                cstackCOMMON 0076
___int_sp                      stack        0000
___latbits                     (abs)        0002
___lwdiv                       text5        023F
___lwdiv@counter               cstackBANK0  0028
___lwdiv@dividend              cstackBANK0  0023
___lwdiv@divisor               cstackBANK0  0021
___lwdiv@quotient              cstackBANK0  0026
___lwmod                       text4        02FA
___lwmod@counter               cstackBANK0  0020
___lwmod@dividend              cstackCOMMON 0076
___lwmod@divisor               cstackCOMMON 0074
___sp                          stack        0000
___wmul                        text2        03BD
___wmul@multiplicand           cstackCOMMON 0076
___wmul@multiplier             cstackCOMMON 0074
___wmul@product                cstackBANK0  0020
__end_of_BCD_to_decimal        text14       0432
__end_of_ISR                   text25       040D
__end_of_RTC_get_date          text11       0512
__end_of_RTC_get_hours         text10       03BD
__end_of_RTC_get_minutes       text9        0508
__end_of_RTC_get_month         text8        04FE
__end_of_RTC_get_year          text7        04F4
__end_of_RTC_init              text21       04E0
__end_of_RTC_read              text13       02FA
__end_of_RTC_read_register     text12       046F
__end_of_RTC_set_year          text17       04AF
__end_of_RTC_write             text24       0363
__end_of_RTC_write_protect     text22       049C
__end_of_RTC_write_register    text23       0487
__end_of_SEG7_init             text16       051A
__end_of_SEG7_write_all        text3        0104
__end_of_SEG7_write_digit      text6        0392
__end_of___awdiv               text20       01F0
__end_of___awmod               text19       023F
__end_of___bmul                text15       04D1
__end_of___lwdiv               text5        027F
__end_of___lwmod               text4        0330
__end_of___wmul                text2        03E6
__end_of__initialization       cinit        0024
__end_of_decimal_to_BCD        text18       02BE
__end_of_displayOnSegment      text1        0193
__end_of_main                  maintext     0455
__initialization               cinit        0015
__pbssBANK0                    bssBANK0     004A
__pbssCOMMON                   bssCOMMON    0079
__pcstackBANK0                 cstackBANK0  0020
__pcstackCOMMON                cstackCOMMON 0070
__pdataBANK0                   dataBANK0    0040
__pidataBANK0                  idataBANK0   04E0
__pintentry                    intentry     0004
__pmaintext                    maintext     0432
__ptext1                       text1        0104
__ptext10                      text10       0392
__ptext11                      text11       0508
__ptext12                      text12       0455
__ptext13                      text13       02BE
__ptext14                      text14       040D
__ptext15                      text15       04C0
__ptext16                      text16       0512
__ptext17                      text17       049C
__ptext18                      text18       027F
__ptext19                      text19       01F0
__ptext2                       text2        03BD
__ptext20                      text20       0193
__ptext21                      text21       04D1
__ptext22                      text22       0487
__ptext23                      text23       046F
__ptext24                      text24       0330
__ptext25                      text25       03E6
__ptext3                       text3        0028
__ptext4                       text4        02FA
__ptext5                       text5        023F
__ptext6                       text6        0363
__ptext7                       text7        04EA
__ptext8                       text8        04F4
__ptext9                       text9        04FE
__size_of_BCD_to_decimal       (abs)        0000
__size_of_ISR                  (abs)        0000
__size_of_RTC_get_date         (abs)        0000
__size_of_RTC_get_hours        (abs)        0000
__size_of_RTC_get_minutes      (abs)        0000
__size_of_RTC_get_month        (abs)        0000
__size_of_RTC_get_year         (abs)        0000
__size_of_RTC_init             (abs)        0000
__size_of_RTC_read             (abs)        0000
__size_of_RTC_read_register    (abs)        0000
__size_of_RTC_set_year         (abs)        0000
__size_of_RTC_write            (abs)        0000
__size_of_RTC_write_protect    (abs)        0000
__size_of_RTC_write_register   (abs)        0000
__size_of_SEG7_init            (abs)        0000
__size_of_SEG7_write_all       (abs)        0000
__size_of_SEG7_write_digit     (abs)        0000
__size_of___awdiv              (abs)        0000
__size_of___awmod              (abs)        0000
__size_of___bmul               (abs)        0000
__size_of___lwdiv              (abs)        0000
__size_of___lwmod              (abs)        0000
__size_of___wmul               (abs)        0000
__size_of_decimal_to_BCD       (abs)        0000
__size_of_displayOnSegment     (abs)        0000
__size_of_main                 (abs)        0000
_decimal_to_BCD                text18       027F
_displayOnSegment              text1        0104
_main                          maintext     0432
_phase                         bssBANK0     004A
_segNum                        dataBANK0    0040
btemp                          (abs)        007E
decimal_to_BCD@bcd             cstackBANK0  0029
decimal_to_BCD@decimal         cstackBANK0  002A
decimal_to_BCD@ones            cstackBANK0  0028
decimal_to_BCD@tens            cstackBANK0  0027
displayOnSegment@day           cstackBANK0  003E
displayOnSegment@hours         cstackBANK0  003C
displayOnSegment@minutes       cstackBANK0  003B
displayOnSegment@month         cstackBANK0  003D
displayOnSegment@phase         cstackBANK0  0036
displayOnSegment@year          cstackBANK0  003F
end_of_initialization          cinit        0024
init_fetch0                    inittext     04AF
init_ram0                      inittext     04B3
interrupt_function             intentry     0004
intlevel0                      functab      0000
intlevel1                      functab      0000
intlevel2                      functab      0000
intlevel3                      functab      0000
intlevel4                      functab      0000
intlevel5                      functab      0000
ltemp                          (abs)        007E
ltemp0                         (abs)        007E
ltemp1                         (abs)        0082
ltemp2                         (abs)        0086
ltemp3                         (abs)        0080
reset_vec                      reset_vec    0000
saved_w                        (abs)        007E
stackhi                        (abs)        0000
stacklo                        (abs)        0000
start                          init         0012
start_initialization           cinit        0015
ttemp                          (abs)        007E
ttemp0                         (abs)        007E
ttemp1                         (abs)        0081
ttemp2                         (abs)        0084
ttemp3                         (abs)        0087
ttemp4                         (abs)        007F
wtemp                          (abs)        007E
wtemp0                         (abs)        007E
wtemp1                         (abs)        0080
wtemp2                         (abs)        0082
wtemp3                         (abs)        0084
wtemp4                         (abs)        0086
wtemp5                         (abs)        0088
wtemp6                         (abs)        007F


FUNCTION INFORMATION:

 *************** function _main *****************
 Defined at:
		line 44 in file "C:\Users\Andre\Documents\Coding Main\PIC-Alarm-Clock\MPLAB Source\main.c"
 Parameters:    Size  Location     Type
		None
 Auto vars:     Size  Location     Type
		None
 Return value:  Size  Location     Type
		None               void
 Registers used:
		wreg, fsr0l, fsr0h, status,2, status,0, btemp+1, pclath, cstack
 Tracked objects:
		On entry : 
		On exit  : 
		Unchanged: 
 Data sizes:     COMMON   BANK0   BANK1   BANK3   BANK2
      Params:         0       0       0       0       0
      Locals:         0       0       0       0       0
      Temps:          0       0       0       0       0
      Totals:         0       0       0       0       0
Total ram usage:        0 bytes
 Hardware stack levels required when called:    5
 This function calls:
		_RTC_init
		_RTC_set_year
		_SEG7_init
		_displayOnSegment
 This function is called by:
		Startup code after reset
 This function uses a non-reentrant model


 *************** function _displayOnSegment *****************
 Defined at:
		line 63 in file "C:\Users\Andre\Documents\Coding Main\PIC-Alarm-Clock\MPLAB Source\main.c"
 Parameters:    Size  Location     Type
  phase           2   22[BANK0 ] int 
 Auto vars:     Size  Location     Type
  year            1   31[BANK0 ] unsigned char 
  day             1   30[BANK0 ] unsigned char 
  month           1   29[BANK0 ] unsigned char 
  hours           1   28[BANK0 ] unsigned char 
  minutes         1   27[BANK0 ] unsigned char 
 Return value:  Size  Location     Type
		None               void
 Registers used:
		wreg, fsr0l, fsr0h, status,2, status,0, btemp+1, pclath, cstack
 Tracked objects:
		On entry : 
		On exit  : 
		Unchanged: 
 Data sizes:     COMMON   BANK0   BANK1   BANK3   BANK2
      Params:         0       2       0       0       0
      Locals:         0       5       0       0       0
      Temps:          0       3       0       0       0
      Totals:         0      10       0       0       0
Total ram usage:       10 bytes
 Hardware stack levels used:    1
 Hardware stack levels required when called:    4
 This function calls:
		_RTC_get_date
		_RTC_get_hours
		_RTC_get_minutes
		_RTC_get_month
		_RTC_get_year
		_SEG7_write_all
		___wmul
 This function is called by:
		_main
 This function uses a non-reentrant model


 *************** function ___wmul *****************
 Defined at:
		line 15 in file "C:\Program Files (x86)\Microchip\xc8\v1.33\sources\common\Umul16.c"
 Parameters:    Size  Location     Type
  multiplier      2    4[COMMON] unsigned int 
  multiplicand    2    6[COMMON] unsigned int 
 Auto vars:     Size  Location     Type
  product         2    0[BANK0 ] unsigned int 
 Return value:  Size  Location     Type
                  2    4[COMMON] unsigned int 
 Registers used:
		wreg, status,2, status,0
 Tracked objects:
		On entry : 
		On exit  : 
		Unchanged: 
 Data sizes:     COMMON   BANK0   BANK1   BANK3   BANK2
      Params:         4       0       0       0       0
      Locals:         0       2       0       0       0
      Temps:          0       0       0       0       0
      Totals:         4       2       0       0       0
Total ram usage:        6 bytes
 Hardware stack levels used:    1
 Hardware stack levels required when called:    1
 This function calls:
		Nothing
 This function is called by:
		_displayOnSegment
 This function uses a non-reentrant model


 *************** function _SEG7_write_all *****************
 Defined at:
		line 11 in file "C:\Users\Andre\Documents\Coding Main\PIC-Alarm-Clock\MPLAB Source\SEG7_4DIG.c"
 Parameters:    Size  Location     Type
  value           2    9[BANK0 ] unsigned int 
  decimal_poin    1   11[BANK0 ] unsigned char 
 Auto vars:     Size  Location     Type
  dp4             1   21[BANK0 ] unsigned char 
  dp3             1   20[BANK0 ] unsigned char 
  dp2             1   19[BANK0 ] unsigned char 
  dp1             1   18[BANK0 ] unsigned char 
  digit4          1   17[BANK0 ] unsigned char 
  digit3          1   16[BANK0 ] unsigned char 
  digit2          1   15[BANK0 ] unsigned char 
  digit1          1   14[BANK0 ] unsigned char 
 Return value:  Size  Location     Type
		None               void
 Registers used:
		wreg, fsr0l, fsr0h, status,2, status,0, pclath, cstack
 Tracked objects:
		On entry : 
		On exit  : 
		Unchanged: 
 Data sizes:     COMMON   BANK0   BANK1   BANK3   BANK2
      Params:         0       3       0       0       0
      Locals:         0       8       0       0       0
      Temps:          0       2       0       0       0
      Totals:         0      13       0       0       0
Total ram usage:       13 bytes
 Hardware stack levels used:    1
 Hardware stack levels required when called:    2
 This function calls:
		_SEG7_write_digit
		___lwdiv
		___lwmod
 This function is called by:
		_displayOnSegment
 This function uses a non-reentrant model


 *************** function ___lwmod *****************
 Defined at:
		line 6 in file "C:\Program Files (x86)\Microchip\xc8\v1.33\sources\common\lwmod.c"
 Parameters:    Size  Location     Type
  divisor         2    4[COMMON] unsigned int 
  dividend        2    6[COMMON] unsigned int 
 Auto vars:     Size  Location     Type
  counter         1    0[BANK0 ] unsigned char 
 Return value:  Size  Location     Type
                  2    4[COMMON] unsigned int 
 Registers used:
		wreg, status,2, status,0
 Tracked objects:
		On entry : 
		On exit  : 
		Unchanged: 
 Data sizes:     COMMON   BANK0   BANK1   BANK3   BANK2
      Params:         4       0       0       0       0
      Locals:         0       1       0       0       0
      Temps:          1       0       0       0       0
      Totals:         5       1       0       0       0
Total ram usage:        6 bytes
 Hardware stack levels used:    1
 Hardware stack levels required when called:    1
 This function calls:
		Nothing
 This function is called by:
		_SEG7_write_all
 This function uses a non-reentrant model


 *************** function ___lwdiv *****************
 Defined at:
		line 6 in file "C:\Program Files (x86)\Microchip\xc8\v1.33\sources\common\lwdiv.c"
 Parameters:    Size  Location     Type
  divisor         2    1[BANK0 ] unsigned int 
  dividend        2    3[BANK0 ] unsigned int 
 Auto vars:     Size  Location     Type
  quotient        2    6[BANK0 ] unsigned int 
  counter         1    8[BANK0 ] unsigned char 
 Return value:  Size  Location     Type
                  2    1[BANK0 ] unsigned int 
 Registers used:
		wreg, status,2, status,0
 Tracked objects:
		On entry : 
		On exit  : 
		Unchanged: 
 Data sizes:     COMMON   BANK0   BANK1   BANK3   BANK2
      Params:         0       4       0       0       0
      Locals:         0       3       0       0       0
      Temps:          0       1       0       0       0
      Totals:         0       8       0       0       0
Total ram usage:        8 bytes
 Hardware stack levels used:    1
 Hardware stack levels required when called:    1
 This function calls:
		Nothing
 This function is called by:
		_SEG7_write_all
 This function uses a non-reentrant model


 *************** function _SEG7_write_digit *****************
 Defined at:
		line 28 in file "C:\Users\Andre\Documents\Coding Main\PIC-Alarm-Clock\MPLAB Source\SEG7_4DIG.c"
 Parameters:    Size  Location     Type
  digit           1    wreg     unsigned char 
  value           1    4[COMMON] unsigned char 
  decimal_poin    1    5[COMMON] unsigned char 
 Auto vars:     Size  Location     Type
  digit           1    7[COMMON] unsigned char 
 Return value:  Size  Location     Type
		None               void
 Registers used:
		wreg, fsr0l, fsr0h, status,2, status,0
 Tracked objects:
		On entry : 
		On exit  : 
		Unchanged: 
 Data sizes:     COMMON   BANK0   BANK1   BANK3   BANK2
      Params:         2       0       0       0       0
      Locals:         1       0       0       0       0
      Temps:          1       0       0       0       0
      Totals:         4       0       0       0       0
Total ram usage:        4 bytes
 Hardware stack levels used:    1
 Hardware stack levels required when called:    1
 This function calls:
		Nothing
 This function is called by:
		_SEG7_write_all
 This function uses a non-reentrant model


 *************** function _RTC_get_year *****************
 Defined at:
		line 115 in file "C:\Users\Andre\Documents\Coding Main\PIC-Alarm-Clock\MPLAB Source\PIC_DS1302.c"
 Parameters:    Size  Location     Type
		None
 Auto vars:     Size  Location     Type
		None
 Return value:  Size  Location     Type
                  1    wreg      unsigned char 
 Registers used:
		wreg, status,2, status,0, btemp+1, pclath, cstack
 Tracked objects:
		On entry : 
		On exit  : 
		Unchanged: 
 Data sizes:     COMMON   BANK0   BANK1   BANK3   BANK2
      Params:         0       0       0       0       0
      Locals:         0       0       0       0       0
      Temps:          0       0       0       0       0
      Totals:         0       0       0       0       0
Total ram usage:        0 bytes
 Hardware stack levels used:    1
 Hardware stack levels required when called:    3
 This function calls:
		_BCD_to_decimal
		_RTC_read_register
 This function is called by:
		_displayOnSegment
 This function uses a non-reentrant model


 *************** function _RTC_get_month *****************
 Defined at:
		line 107 in file "C:\Users\Andre\Documents\Coding Main\PIC-Alarm-Clock\MPLAB Source\PIC_DS1302.c"
 Parameters:    Size  Location     Type
		None
 Auto vars:     Size  Location     Type
		None
 Return value:  Size  Location     Type
                  1    wreg      unsigned char 
 Registers used:
		wreg, status,2, status,0, btemp+1, pclath, cstack
 Tracked objects:
		On entry : 
		On exit  : 
		Unchanged: 
 Data sizes:     COMMON   BANK0   BANK1   BANK3   BANK2
      Params:         0       0       0       0       0
      Locals:         0       0       0       0       0
      Temps:          0       0       0       0       0
      Totals:         0       0       0       0       0
Total ram usage:        0 bytes
 Hardware stack levels used:    1
 Hardware stack levels required when called:    3
 This function calls:
		_BCD_to_decimal
		_RTC_read_register
 This function is called by:
		_displayOnSegment
 This function uses a non-reentrant model


 *************** function _RTC_get_minutes *****************
 Defined at:
		line 81 in file "C:\Users\Andre\Documents\Coding Main\PIC-Alarm-Clock\MPLAB Source\PIC_DS1302.c"
 Parameters:    Size  Location     Type
		None
 Auto vars:     Size  Location     Type
		None
 Return value:  Size  Location     Type
                  1    wreg      unsigned char 
 Registers used:
		wreg, status,2, status,0, btemp+1, pclath, cstack
 Tracked objects:
		On entry : 
		On exit  : 
		Unchanged: 
 Data sizes:     COMMON   BANK0   BANK1   BANK3   BANK2
      Params:         0       0       0       0       0
      Locals:         0       0       0       0       0
      Temps:          0       0       0       0       0
      Totals:         0       0       0       0       0
Total ram usage:        0 bytes
 Hardware stack levels used:    1
 Hardware stack levels required when called:    3
 This function calls:
		_BCD_to_decimal
		_RTC_read_register
 This function is called by:
		_displayOnSegment
 This function uses a non-reentrant model


 *************** function _RTC_get_hours *****************
 Defined at:
		line 85 in file "C:\Users\Andre\Documents\Coding Main\PIC-Alarm-Clock\MPLAB Source\PIC_DS1302.c"
 Parameters:    Size  Location     Type
		None
 Auto vars:     Size  Location     Type
  hours           1    8[BANK0 ] unsigned char 
  tmp             1    7[BANK0 ] unsigned char 
 Return value:  Size  Location     Type
                  1    wreg      unsigned char 
 Registers used:
		wreg, status,2, status,0, btemp+1, pclath, cstack
 Tracked objects:
		On entry : 
		On exit  : 
		Unchanged: 
 Data sizes:     COMMON   BANK0   BANK1   BANK3   BANK2
      Params:         0       0       0       0       0
      Locals:         0       2       0       0       0
      Temps:          0       1       0       0       0
      Totals:         0       3       0       0       0
Total ram usage:        3 bytes
 Hardware stack levels used:    1
 Hardware stack levels required when called:    3
 This function calls:
		_BCD_to_decimal
		_RTC_read_register
 This function is called by:
		_displayOnSegment
 This function uses a non-reentrant model


 *************** function _RTC_get_date *****************
 Defined at:
		line 103 in file "C:\Users\Andre\Documents\Coding Main\PIC-Alarm-Clock\MPLAB Source\PIC_DS1302.c"
 Parameters:    Size  Location     Type
		None
 Auto vars:     Size  Location     Type
		None
 Return value:  Size  Location     Type
                  1    wreg      unsigned char 
 Registers used:
		wreg, status,2, status,0, btemp+1, pclath, cstack
 Tracked objects:
		On entry : 
		On exit  : 
		Unchanged: 
 Data sizes:     COMMON   BANK0   BANK1   BANK3   BANK2
      Params:         0       0       0       0       0
      Locals:         0       0       0       0       0
      Temps:          0       0       0       0       0
      Totals:         0       0       0       0       0
Total ram usage:        0 bytes
 Hardware stack levels used:    1
 Hardware stack levels required when called:    3
 This function calls:
		_BCD_to_decimal
		_RTC_read_register
 This function is called by:
		_displayOnSegment
 This function uses a non-reentrant model


 *************** function _RTC_read_register *****************
 Defined at:
		line 19 in file "C:\Users\Andre\Documents\Coding Main\PIC-Alarm-Clock\MPLAB Source\PIC_DS1302.c"
 Parameters:    Size  Location     Type
  address         1    wreg     unsigned char 
 Auto vars:     Size  Location     Type
  address         1    1[BANK0 ] unsigned char 
  data            1    2[BANK0 ] unsigned char 
 Return value:  Size  Location     Type
                  1    wreg      unsigned char 
 Registers used:
		wreg, status,2, status,0, btemp+1, pclath, cstack
 Tracked objects:
		On entry : 
		On exit  : 
		Unchanged: 
 Data sizes:     COMMON   BANK0   BANK1   BANK3   BANK2
      Params:         0       0       0       0       0
      Locals:         0       2       0       0       0
      Temps:          0       1       0       0       0
      Totals:         0       3       0       0       0
Total ram usage:        3 bytes
 Hardware stack levels used:    1
 Hardware stack levels required when called:    2
 This function calls:
		_RTC_read
		_RTC_write
 This function is called by:
		_RTC_get_minutes
		_RTC_get_hours
		_RTC_get_date
		_RTC_get_month
		_RTC_get_year
		_RTC_get_seconds
		_RTC_get_day
		_RTC_set_hours
 This function uses a non-reentrant model


 *************** function _RTC_read *****************
 Defined at:
		line 54 in file "C:\Users\Andre\Documents\Coding Main\PIC-Alarm-Clock\MPLAB Source\PIC_DS1302.c"
 Parameters:    Size  Location     Type
		None
 Auto vars:     Size  Location     Type
  i               2    6[COMMON] int 
  data            1    8[COMMON] unsigned char 
 Return value:  Size  Location     Type
                  1    wreg      unsigned char 
 Registers used:
		wreg, status,2, status,0, btemp+1
 Tracked objects:
		On entry : 
		On exit  : 
		Unchanged: 
 Data sizes:     COMMON   BANK0   BANK1   BANK3   BANK2
      Params:         0       0       0       0       0
      Locals:         3       0       0       0       0
      Temps:          2       0       0       0       0
      Totals:         5       0       0       0       0
Total ram usage:        5 bytes
 Hardware stack levels used:    1
 Hardware stack levels required when called:    1
 This function calls:
		Nothing
 This function is called by:
		_RTC_read_register
 This function uses a non-reentrant model


 *************** function _BCD_to_decimal *****************
 Defined at:
		line 165 in file "C:\Users\Andre\Documents\Coding Main\PIC-Alarm-Clock\MPLAB Source\PIC_DS1302.c"
 Parameters:    Size  Location     Type
  bcd             1    wreg     unsigned char 
 Auto vars:     Size  Location     Type
  bcd             1    5[BANK0 ] unsigned char 
  decimal         1    4[BANK0 ] unsigned char 
  ones            1    3[BANK0 ] unsigned char 
  tens            1    2[BANK0 ] unsigned char 
 Return value:  Size  Location     Type
                  1    wreg      unsigned char 
 Registers used:
		wreg, status,2, status,0, pclath, cstack
 Tracked objects:
		On entry : 
		On exit  : 
		Unchanged: 
 Data sizes:     COMMON   BANK0   BANK1   BANK3   BANK2
      Params:         0       0       0       0       0
      Locals:         0       4       0       0       0
      Temps:          0       2       0       0       0
      Totals:         0       6       0       0       0
Total ram usage:        6 bytes
 Hardware stack levels used:    1
 Hardware stack levels required when called:    2
 This function calls:
		___bmul
 This function is called by:
		_RTC_get_minutes
		_RTC_get_hours
		_RTC_get_date
		_RTC_get_month
		_RTC_get_year
		_RTC_get_seconds
		_RTC_get_day
 This function uses a non-reentrant model


 *************** function ___bmul *****************
 Defined at:
		line 4 in file "C:\Program Files (x86)\Microchip\xc8\v1.33\sources\common\Umul8.c"
 Parameters:    Size  Location     Type
  multiplier      1    wreg     unsigned char 
  multiplicand    1    4[COMMON] unsigned char 
 Auto vars:     Size  Location     Type
  multiplier      1    7[COMMON] unsigned char 
  product         1    6[COMMON] unsigned char 
 Return value:  Size  Location     Type
                  1    wreg      unsigned char 
 Registers used:
		wreg, status,2, status,0
 Tracked objects:
		On entry : 
		On exit  : 
		Unchanged: 
 Data sizes:     COMMON   BANK0   BANK1   BANK3   BANK2
      Params:         1       0       0       0       0
      Locals:         2       0       0       0       0
      Temps:          1       0       0       0       0
      Totals:         4       0       0       0       0
Total ram usage:        4 bytes
 Hardware stack levels used:    1
 Hardware stack levels required when called:    1
 This function calls:
		Nothing
 This function is called by:
		_BCD_to_decimal
 This function uses a non-reentrant model


 *************** function _SEG7_init *****************
 Defined at:
		line 3 in file "C:\Users\Andre\Documents\Coding Main\PIC-Alarm-Clock\MPLAB Source\SEG7_4DIG.c"
 Parameters:    Size  Location     Type
		None
 Auto vars:     Size  Location     Type
		None
 Return value:  Size  Location     Type
		None               void
 Registers used:
		status,2
 Tracked objects:
		On entry : 
		On exit  : 
		Unchanged: 
 Data sizes:     COMMON   BANK0   BANK1   BANK3   BANK2
      Params:         0       0       0       0       0
      Locals:         0       0       0       0       0
      Temps:          0       0       0       0       0
      Totals:         0       0       0       0       0
Total ram usage:        0 bytes
 Hardware stack levels used:    1
 Hardware stack levels required when called:    1
 This function calls:
		Nothing
 This function is called by:
		_main
 This function uses a non-reentrant model


 *************** function _RTC_set_year *****************
 Defined at:
		line 160 in file "C:\Users\Andre\Documents\Coding Main\PIC-Alarm-Clock\MPLAB Source\PIC_DS1302.c"
 Parameters:    Size  Location     Type
  year            1    wreg     unsigned char 
 Auto vars:     Size  Location     Type
  year            1   14[BANK0 ] unsigned char 
 Return value:  Size  Location     Type
		None               void
 Registers used:
		wreg, status,2, status,0, btemp+1, pclath, cstack
 Tracked objects:
		On entry : 
		On exit  : 
		Unchanged: 
 Data sizes:     COMMON   BANK0   BANK1   BANK3   BANK2
      Params:         0       0       0       0       0
      Locals:         0       1       0       0       0
      Temps:          0       1       0       0       0
      Totals:         0       2       0       0       0
Total ram usage:        2 bytes
 Hardware stack levels used:    1
 Hardware stack levels required when called:    3
 This function calls:
		_RTC_write_register
		_decimal_to_BCD
 This function is called by:
		_main
 This function uses a non-reentrant model


 *************** function _decimal_to_BCD *****************
 Defined at:
		line 173 in file "C:\Users\Andre\Documents\Coding Main\PIC-Alarm-Clock\MPLAB Source\PIC_DS1302.c"
 Parameters:    Size  Location     Type
  decimal         1    wreg     unsigned char 
 Auto vars:     Size  Location     Type
  decimal         1   10[BANK0 ] unsigned char 
  bcd             1    9[BANK0 ] unsigned char 
  ones            1    8[BANK0 ] unsigned char 
  tens            1    7[BANK0 ] unsigned char 
 Return value:  Size  Location     Type
                  1    wreg      unsigned char 
 Registers used:
		wreg, status,2, status,0, pclath, cstack
 Tracked objects:
		On entry : 
		On exit  : 
		Unchanged: 
 Data sizes:     COMMON   BANK0   BANK1   BANK3   BANK2
      Params:         0       0       0       0       0
      Locals:         0       4       0       0       0
      Temps:          0       3       0       0       0
      Totals:         0       7       0       0       0
Total ram usage:        7 bytes
 Hardware stack levels used:    1
 Hardware stack levels required when called:    2
 This function calls:
		___awdiv
		___awmod
 This function is called by:
		_RTC_set_year
		_RTC_set_seconds
		_RTC_set_minutes
		_RTC_set_hours
		_RTC_set_date
		_RTC_set_month
		_RTC_set_day
 This function uses a non-reentrant model


 *************** function ___awmod *****************
 Defined at:
		line 6 in file "C:\Program Files (x86)\Microchip\xc8\v1.33\sources\common\awmod.c"
 Parameters:    Size  Location     Type
  divisor         2    4[COMMON] int 
  dividend        2    6[COMMON] int 
 Auto vars:     Size  Location     Type
  sign            1    1[BANK0 ] unsigned char 
  counter         1    0[BANK0 ] unsigned char 
 Return value:  Size  Location     Type
                  2    4[COMMON] int 
 Registers used:
		wreg, status,2, status,0
 Tracked objects:
		On entry : 
		On exit  : 
		Unchanged: 
 Data sizes:     COMMON   BANK0   BANK1   BANK3   BANK2
      Params:         4       0       0       0       0
      Locals:         0       2       0       0       0
      Temps:          1       0       0       0       0
      Totals:         5       2       0       0       0
Total ram usage:        7 bytes
 Hardware stack levels used:    1
 Hardware stack levels required when called:    1
 This function calls:
		Nothing
 This function is called by:
		_decimal_to_BCD
 This function uses a non-reentrant model


 *************** function ___awdiv *****************
 Defined at:
		line 6 in file "C:\Program Files (x86)\Microchip\xc8\v1.33\sources\common\awdiv.c"
 Parameters:    Size  Location     Type
  divisor         2    4[COMMON] int 
  dividend        2    6[COMMON] int 
 Auto vars:     Size  Location     Type
  quotient        2    2[BANK0 ] int 
  sign            1    1[BANK0 ] unsigned char 
  counter         1    0[BANK0 ] unsigned char 
 Return value:  Size  Location     Type
                  2    4[COMMON] int 
 Registers used:
		wreg, status,2, status,0
 Tracked objects:
		On entry : 
		On exit  : 
		Unchanged: 
 Data sizes:     COMMON   BANK0   BANK1   BANK3   BANK2
      Params:         4       0       0       0       0
      Locals:         0       4       0       0       0
      Temps:          1       0       0       0       0
      Totals:         5       4       0       0       0
Total ram usage:        9 bytes
 Hardware stack levels used:    1
 Hardware stack levels required when called:    1
 This function calls:
		Nothing
 This function is called by:
		_decimal_to_BCD
 This function uses a non-reentrant model


 *************** function _RTC_init *****************
 Defined at:
		line 3 in file "C:\Users\Andre\Documents\Coding Main\PIC-Alarm-Clock\MPLAB Source\PIC_DS1302.c"
 Parameters:    Size  Location     Type
		None
 Auto vars:     Size  Location     Type
		None
 Return value:  Size  Location     Type
		None               void
 Registers used:
		wreg, status,2, status,0, btemp+1, pclath, cstack
 Tracked objects:
		On entry : 
		On exit  : 
		Unchanged: 
 Data sizes:     COMMON   BANK0   BANK1   BANK3   BANK2
      Params:         0       0       0       0       0
      Locals:         0       0       0       0       0
      Temps:          0       0       0       0       0
      Totals:         0       0       0       0       0
Total ram usage:        0 bytes
 Hardware stack levels used:    1
 Hardware stack levels required when called:    4
 This function calls:
		_RTC_write_protect
 This function is called by:
		_main
 This function uses a non-reentrant model


 *************** function _RTC_write_protect *****************
 Defined at:
		line 15 in file "C:\Users\Andre\Documents\Coding Main\PIC-Alarm-Clock\MPLAB Source\PIC_DS1302.c"
 Parameters:    Size  Location     Type
  state           1    wreg     unsigned char 
 Auto vars:     Size  Location     Type
  state           1   15[BANK0 ] unsigned char 
 Return value:  Size  Location     Type
		None               void
 Registers used:
		wreg, status,2, status,0, btemp+1, pclath, cstack
 Tracked objects:
		On entry : 
		On exit  : 
		Unchanged: 
 Data sizes:     COMMON   BANK0   BANK1   BANK3   BANK2
      Params:         0       0       0       0       0
      Locals:         0       1       0       0       0
      Temps:          0       2       0       0       0
      Totals:         0       3       0       0       0
Total ram usage:        3 bytes
 Hardware stack levels used:    1
 Hardware stack levels required when called:    3
 This function calls:
		_RTC_write_register
 This function is called by:
		_RTC_init
 This function uses a non-reentrant model


 *************** function _RTC_write_register *****************
 Defined at:
		line 31 in file "C:\Users\Andre\Documents\Coding Main\PIC-Alarm-Clock\MPLAB Source\PIC_DS1302.c"
 Parameters:    Size  Location     Type
  address         1    wreg     unsigned char 
  data            1   11[BANK0 ] unsigned char 
 Auto vars:     Size  Location     Type
  address         1   12[BANK0 ] unsigned char 
 Return value:  Size  Location     Type
		None               void
 Registers used:
		wreg, status,2, status,0, btemp+1, pclath, cstack
 Tracked objects:
		On entry : 
		On exit  : 
		Unchanged: 
 Data sizes:     COMMON   BANK0   BANK1   BANK3   BANK2
      Params:         0       1       0       0       0
      Locals:         0       1       0       0       0
      Temps:          0       0       0       0       0
      Totals:         0       2       0       0       0
Total ram usage:        2 bytes
 Hardware stack levels used:    1
 Hardware stack levels required when called:    2
 This function calls:
		_RTC_write
 This function is called by:
		_RTC_write_protect
		_RTC_set_year
		_RTC_set_seconds
		_RTC_set_minutes
		_RTC_set_hours
		_RTC_set_date
		_RTC_set_month
		_RTC_set_day
 This function uses a non-reentrant model


 *************** function _RTC_write *****************
 Defined at:
		line 41 in file "C:\Users\Andre\Documents\Coding Main\PIC-Alarm-Clock\MPLAB Source\PIC_DS1302.c"
 Parameters:    Size  Location     Type
  data            1    wreg     unsigned char 
 Auto vars:     Size  Location     Type
  data            1    5[COMMON] unsigned char 
  i               2    6[COMMON] int 
 Return value:  Size  Location     Type
		None               void
 Registers used:
		wreg, status,2, status,0, btemp+1
 Tracked objects:
		On entry : 
		On exit  : 
		Unchanged: 
 Data sizes:     COMMON   BANK0   BANK1   BANK3   BANK2
      Params:         0       0       0       0       0
      Locals:         3       0       0       0       0
      Temps:          1       0       0       0       0
      Totals:         4       0       0       0       0
Total ram usage:        4 bytes
 Hardware stack levels used:    1
 Hardware stack levels required when called:    1
 This function calls:
		Nothing
 This function is called by:
		_RTC_read_register
		_RTC_write_register
 This function uses a non-reentrant model


 *************** function _ISR *****************
 Defined at:
		line 27 in file "C:\Users\Andre\Documents\Coding Main\PIC-Alarm-Clock\MPLAB Source\main.c"
 Parameters:    Size  Location     Type
		None
 Auto vars:     Size  Location     Type
		None
 Return value:  Size  Location     Type
		None               void
 Registers used:
		wreg, status,2, btemp+1
 Tracked objects:
		On entry : 
		On exit  : 
		Unchanged: 
 Data sizes:     COMMON   BANK0   BANK1   BANK3   BANK2
      Params:         0       0       0       0       0
      Locals:         0       0       0       0       0
      Temps:          4       0       0       0       0
      Totals:         4       0       0       0       0
Total ram usage:        4 bytes
 Hardware stack levels used:    1
 This function calls:
		Nothing
 This function is called by:
		Interrupt level 1
 This function uses a non-reentrant model



MODULE INFORMATION

Module		Function		Class		Link	Load	Size
C:\Users\Andre\Documents\Coding Main\PIC-Alarm-Clock\MPLAB Source\PIC_DS1302.c
		_RTC_write_prot		CODE           	0487	0000	21
		_BCD_to_decimal		CODE           	040D	0000	37
		_RTC_get_date  		CODE           	0508	0000	10
		_RTC_get_year  		CODE           	04EA	0000	10
		_RTC_set_year  		CODE           	049C	0000	19
		_decimal_to_BCD		CODE           	027F	0000	63
		_RTC_get_month 		CODE           	04F4	0000	10
		_RTC_get_hours 		CODE           	0392	0000	43
		_RTC_read_regis		CODE           	0455	0000	26
		_RTC_write_regi		CODE           	046F	0000	24
		_RTC_get_minute		CODE           	04FE	0000	10
		_RTC_write     		CODE           	0330	0000	51
		_RTC_read      		CODE           	02BE	0000	60
		_RTC_init      		CODE           	04D1	0000	15

C:\Users\Andre\Documents\Coding Main\PIC-Alarm-Clock\MPLAB Source\PIC_DS1302.c estimated size: 399

C:\Program Files (x86)\Microchip\xc8\v1.33\sources\common\lwmod.c
		___lwmod       		CODE           	02FA	0000	54

C:\Program Files (x86)\Microchip\xc8\v1.33\sources\common\lwmod.c estimated size: 54

C:\Program Files (x86)\Microchip\xc8\v1.33\sources\common\awmod.c
		___awmod       		CODE           	01F0	0000	79

C:\Program Files (x86)\Microchip\xc8\v1.33\sources\common\awmod.c estimated size: 79

C:\Program Files (x86)\Microchip\xc8\v1.33\sources\common\Umul16.c
		___wmul        		CODE           	03BD	0000	41

C:\Program Files (x86)\Microchip\xc8\v1.33\sources\common\Umul16.c estimated size: 41

C:\Program Files (x86)\Microchip\xc8\v1.33\sources\common\lwdiv.c
		___lwdiv       		CODE           	023F	0000	64

C:\Program Files (x86)\Microchip\xc8\v1.33\sources\common\lwdiv.c estimated size: 64

C:\Program Files (x86)\Microchip\xc8\v1.33\sources\common\awdiv.c
		___awdiv       		CODE           	0193	0000	93

C:\Program Files (x86)\Microchip\xc8\v1.33\sources\common\awdiv.c estimated size: 93

shared
		__initializatio		CODE           	0015	0000	15

shared estimated size: 15

C:\Users\Andre\Documents\Coding Main\PIC-Alarm-Clock\MPLAB Source\main.c
		_ISR           		CODE           	03E6	0000	39
		_main          		CODE           	0432	0000	35
		_displayOnSegme		CODE           	0104	0000	143

C:\Users\Andre\Documents\Coding Main\PIC-Alarm-Clock\MPLAB Source\main.c estimated size: 217

C:\Program Files (x86)\Microchip\xc8\v1.33\sources\common\Umul8.c
		___bmul        		CODE           	04C0	0000	17

C:\Program Files (x86)\Microchip\xc8\v1.33\sources\common\Umul8.c estimated size: 17

C:\Users\Andre\Documents\Coding Main\PIC-Alarm-Clock\MPLAB Source\SEG7_4DIG.c
		_SEG7_write_dig		CODE           	0363	0000	47
		_SEG7_write_all		CODE           	0028	0000	220
		_SEG7_init     		CODE           	0512	0000	8

C:\Users\Andre\Documents\Coding Main\PIC-Alarm-Clock\MPLAB Source\SEG7_4DIG.c estimated size: 275

